#!python
cubit.cmd('set node constraint on')
cubit.cmd('open "/eng/home/dhruvinj/Desktop/Mesh/cubit01.cub"')
cubit.cmd('undo group begin')
cubit.cmd('sweep curve 8  along curve  include_mesh ')
cubit.cmd('delete curve ')
cubit.cmd('undo group end')
cubit.cmd('Surface 3 2 1  copy reflect x ')
cubit.cmd('undo')
cubit.cmd('Surface 3 2 1  copy reflect y ')
cubit.cmd('undo')
cubit.cmd('Surface 3 2 1  copy reflect z ')
cubit.cmd('Surface 3 2 1  copy reflect y ')
cubit.cmd('undo')
cubit.cmd('undo')
cubit.cmd('undo group begin')
cubit.cmd('sweep curve 8  along curve  include_mesh ')
cubit.cmd('delete curve ')
cubit.cmd('undo group end')
cubit.cmd('undo group begin')
cubit.cmd('sweep curve 8 9 10 4  along curve  include_mesh ')
cubit.cmd('delete curve ')
cubit.cmd('undo group end')
cubit.cmd('undo group begin')
cubit.cmd('sweep curve 8  along curve 8 9 10 4  include_mesh ')
cubit.cmd('delete curve 8 9 10 4 ')
cubit.cmd('undo group end')
cubit.cmd('undo group begin')
cubit.cmd('imprint body  ')
cubit.cmd('merge body  ')
cubit.cmd('undo group end')
cubit.cmd('sweep curve  target body 3 2 1  unite ')
cubit.cmd('Surface 3 reflect Y preview ')
cubit.cmd('Surface 2 3 1  reflect Y preview ')
cubit.cmd('Surface 3  reflect Y preview ')
cubit.cmd('Surface 3  reflect Y preview ')
cubit.cmd('Surface 3  reflect Y preview ')
cubit.cmd('Surface 2  reflect Y preview ')
cubit.cmd('undo')
cubit.cmd('undo')
cubit.cmd('undo')
cubit.cmd('undo')
cubit.cmd('undo')
cubit.cmd('undo')
cubit.cmd('undo')
cubit.cmd('undo')
cubit.cmd('undo')
cubit.cmd('undo')
cubit.cmd('undo')
cubit.cmd('undo')
cubit.cmd('undo')
cubit.cmd('undo')
cubit.cmd('undo')
cubit.cmd('undo')
cubit.cmd('undo')
cubit.cmd('undo')
